// Jest Snapshot v1, https://goo.gl/fbAQLP

exports[`PreviewItem Renders correctly 1`] = `ShallowWrapper {}`;
